I'm sorry, but errors were detected in your script. Please correct the
errors listed below, and try again.


File "game/script.rpy", line 98: expected statement.
    dwi_point = 2
              ^

Ren'Py Version: Ren'Py 7.4.10.2178
Wed Nov 10 19:29:47 2021
